<?xml version="1.0" encoding="UTF-8"?>
<testsuites name="jest tests" tests="2" failures="0" time="1.907">
  <testsuite name="__tests__/mainFeatures.js" errors="0" failures="0" skipped="0" timestamp="2019-10-24T10:09:30" time="1.399" tests="2">
    <testcase classname=" - Singleton feature should work properly" name=" - Singleton feature should work properly" time="0.263">
    </testcase>
    <testcase classname=" - Should support suspending/resuming on nested action dispatching" name=" - Should support suspending/resuming on nested action dispatching" time="0.509">
    </testcase>
  </testsuite>
</testsuites>